// Jest Snapshot v1, https://goo.gl/fbAQLP

exports[`Test PotionOptionItem Component renders correctly 1`] = `
<View
  style={
    Array [
      Object {
        "backgroundColor": "#fff",
        "borderBottomColor": "#dddddd",
        "borderBottomWidth": 1,
        "flexDirection": "row",
        "marginVertical": 2,
        "paddingHorizontal": 10,
        "paddingVertical": 10,
      },
      Object {
        "borderTopColor": "#ddd",
        "borderTopWidth": 1,
      },
    ]
  }
>
  <View
    style={
      Object {
        "alignItems": "center",
        "flex": 1,
        "flexDirection": "row",
      }
    }
  >
    <Image
      source={
        Object {
          "testUri": "../../../src/assets/images/potion.png",
        }
      }
      style={
        Array [
          Object {
            "height": 20,
            "marginRight": 10,
            "width": 20,
          },
          Object {
            "tintColor": "red",
          },
        ]
      }
    />
    <Text
      style={
        Object {
          "color": "red",
          "fontFamily": "SourceSansPro-SemiBold",
        }
      }
      testID="potion-option-item-label"
    >
      Red Potion
    </Text>
  </View>
  <View
    style={
      Object {
        "alignItems": "center",
        "flexDirection": "row",
        "justifyContent": "center",
      }
    }
  >
    <View
      style={
        Object {
          "flexDirection": "row",
          "height": 40,
          "justifyContent": "center",
        }
      }
    >
      <View
        accessible={true}
        focusable={true}
        onClick={[Function]}
        onResponderGrant={[Function]}
        onResponderMove={[Function]}
        onResponderRelease={[Function]}
        onResponderTerminate={[Function]}
        onResponderTerminationRequest={[Function]}
        onStartShouldSetResponder={[Function]}
        style={
          Object {
            "alignItems": "center",
            "backgroundColor": "transparent",
            "borderBottomLeftRadius": 20,
            "borderColor": "#c0c0c0",
            "borderRadius": 4,
            "borderTopLeftRadius": 20,
            "borderWidth": 1,
            "justifyContent": "center",
            "opacity": 1,
            "width": 40,
          }
        }
        testID="minus-button"
      >
        <Text
          style={
            Array [
              Object {
                "fontFamily": "SourceSansPro-Bold",
                "fontSize": 16,
              },
              Object {
                "color": "#2b2b2b30",
              },
            ]
          }
        >
          -
        </Text>
      </View>
      <View
        style={
          Array [
            Object {
              "alignItems": "center",
              "backgroundColor": "#fff",
              "borderColor": "#000",
              "borderRadius": 4,
              "borderWidth": 1,
              "justifyContent": "center",
              "marginHorizontal": 5,
              "width": 60,
            },
            Object {
              "borderColor": "#c0c0c0",
            },
          ]
        }
      >
        <Text
          style={
            Array [
              Object {
                "color": "#000",
                "fontFamily": "SourceSansPro-Bold",
                "fontSize": 16,
              },
            ]
          }
          testID="value-label"
        >
          0
        </Text>
      </View>
      <View
        accessible={true}
        focusable={true}
        onClick={[Function]}
        onResponderGrant={[Function]}
        onResponderMove={[Function]}
        onResponderRelease={[Function]}
        onResponderTerminate={[Function]}
        onResponderTerminationRequest={[Function]}
        onStartShouldSetResponder={[Function]}
        style={
          Object {
            "alignItems": "center",
            "backgroundColor": "transparent",
            "borderBottomEndRadius": 20,
            "borderColor": "#c0c0c0",
            "borderRadius": 4,
            "borderTopEndRadius": 20,
            "borderWidth": 1,
            "justifyContent": "center",
            "opacity": 1,
            "width": 40,
          }
        }
        testID="more-button"
      >
        <Text
          style={
            Array [
              Object {
                "fontFamily": "SourceSansPro-Bold",
                "fontSize": 16,
              },
              Object {
                "color": "#2b2b2b",
              },
            ]
          }
        >
          +
        </Text>
      </View>
    </View>
  </View>
</View>
`;
